// Jest Snapshot v1, https://goo.gl/fbAQLP

exports[`FacebookTitle matches the snapshot by default 1`] = `
.c0 {
  color: #1d2129;
  font-weight: 600;
  overflow: hidden;
  font-size: 16px;
  line-height: 20px;
  margin: 5px 0 0;
  max-height: 110px;
  word-wrap: break-word;
  -webkit-letter-spacing: normal;
  -moz-letter-spacing: normal;
  -ms-letter-spacing: normal;
  letter-spacing: normal;
  text-overflow: ellipsis;
  white-space: normal;
  cursor: pointer;
}

<span
  className="c0"
>
  YoastCon Workshops
</span>
`;
