// Jest Snapshot v1, https://goo.gl/fbAQLP

exports[`FacebookImage Component matches the snapshot for a faulty image 1`] = `
.c0 {
  box-sizing: border-box;
  width: 527px;
  height: 273px;
  background-color: #ddd;
  border-style: dashed;
  border-width: 2px;
  color: #073cba;
  background-color: #f1f1f1;
  display: -webkit-box;
  display: -webkit-flex;
  display: -ms-flexbox;
  display: flex;
  -webkit-box-pack: center;
  -webkit-justify-content: center;
  -ms-flex-pack: center;
  justify-content: center;
  -webkit-align-items: center;
  -webkit-box-align: center;
  -ms-flex-align: center;
  align-items: center;
}

<div
  className="c0"
>
  Select image
</div>
`;

exports[`FacebookImage Component matches the snapshot for a landscape image 1`] = `
.c0 {
  box-sizing: border-box;
  width: 527px;
  height: 273px;
  background-color: #ddd;
  border-style: dashed;
  border-width: 2px;
  color: #073cba;
  background-color: #f1f1f1;
  display: -webkit-box;
  display: -webkit-flex;
  display: -ms-flexbox;
  display: flex;
  -webkit-box-pack: center;
  -webkit-justify-content: center;
  -ms-flex-pack: center;
  justify-content: center;
  -webkit-align-items: center;
  -webkit-box-align: center;
  -ms-flex-align: center;
  align-items: center;
}

<div
  className="c0"
>
  Select image
</div>
`;

exports[`FacebookImage Component matches the snapshot for a portrait image 1`] = `
.c0 {
  box-sizing: border-box;
  width: 527px;
  height: 273px;
  background-color: #ddd;
  border-style: dashed;
  border-width: 2px;
  color: #073cba;
  background-color: #f1f1f1;
  display: -webkit-box;
  display: -webkit-flex;
  display: -ms-flexbox;
  display: flex;
  -webkit-box-pack: center;
  -webkit-justify-content: center;
  -ms-flex-pack: center;
  justify-content: center;
  -webkit-align-items: center;
  -webkit-box-align: center;
  -ms-flex-align: center;
  align-items: center;
}

<div
  className="c0"
>
  Select image
</div>
`;

exports[`FacebookImage Component matches the snapshot for a square image 1`] = `
.c0 {
  box-sizing: border-box;
  width: 527px;
  height: 273px;
  background-color: #ddd;
  border-style: dashed;
  border-width: 2px;
  color: #073cba;
  background-color: #f1f1f1;
  display: -webkit-box;
  display: -webkit-flex;
  display: -ms-flexbox;
  display: flex;
  -webkit-box-pack: center;
  -webkit-justify-content: center;
  -ms-flex-pack: center;
  justify-content: center;
  -webkit-align-items: center;
  -webkit-box-align: center;
  -ms-flex-align: center;
  align-items: center;
}

<div
  className="c0"
>
  Select image
</div>
`;

exports[`FacebookImage Component matches the snapshot for a too small image 1`] = `
.c0 {
  box-sizing: border-box;
  width: 527px;
  height: 273px;
  background-color: #ddd;
  border-style: dashed;
  border-width: 2px;
  color: #073cba;
  background-color: #f1f1f1;
  display: -webkit-box;
  display: -webkit-flex;
  display: -ms-flexbox;
  display: flex;
  -webkit-box-pack: center;
  -webkit-justify-content: center;
  -ms-flex-pack: center;
  justify-content: center;
  -webkit-align-items: center;
  -webkit-box-align: center;
  -ms-flex-align: center;
  align-items: center;
}

<div
  className="c0"
>
  Select image
</div>
`;

exports[`FacebookImage Component matches the snapshot in the loading state 1`] = `
.c0 {
  box-sizing: border-box;
  width: 527px;
  height: 273px;
  background-color: #ddd;
  border-style: dashed;
  border-width: 2px;
  color: #073cba;
  background-color: #f1f1f1;
  display: -webkit-box;
  display: -webkit-flex;
  display: -ms-flexbox;
  display: flex;
  -webkit-box-pack: center;
  -webkit-justify-content: center;
  -ms-flex-pack: center;
  justify-content: center;
  -webkit-align-items: center;
  -webkit-box-align: center;
  -ms-flex-align: center;
  align-items: center;
}

<div
  className="c0"
>
  Select image
</div>
`;
