// Jest Snapshot v1, https://goo.gl/fbAQLP

exports[`ReplacementVariableEditor wraps a Draft.js editor instance 1`] = `
<ContextConsumer>
  <Component />
</ContextConsumer>
`;
