// Jest Snapshot v1, https://goo.gl/fbAQLP

exports[`the A11yNotice can be changed to a different element 1`] = `
<h2
  className="A11yNotice-fn2uwk-0-h2 gwxtaK"
>
  H2A11yNoticeValue
</h2>
`;

exports[`the A11yNotice matches the snapshot 1`] = `
<span
  className="A11yNotice-fn2uwk-0 bXvUdO"
>
  A11yNoticeValue
</span>
`;
