// Jest Snapshot v1, https://goo.gl/fbAQLP

exports[`HelpText matches the snapshot by default 1`] = `
<p
  className="HelpText__YoastHelpText-sc-1ci0249-0 kmDvnN"
>
  Some help text.
</p>
`;

exports[`HelpText matches the snapshot when an array is provided as text 1`] = `
<p
  className="HelpText__YoastHelpText-sc-1ci0249-0 kmDvnN"
>
  Text 
  <a
    href="https://www.example.org"
  >
    with a link
  </a>
   in the middle.
</p>
`;
