// Jest Snapshot v1, https://goo.gl/fbAQLP

exports[`TwitterPreview matches the snapshot 1`] = `
Array [
  .c0 {
  display: -webkit-box;
  display: -webkit-flex;
  display: -ms-flexbox;
  display: flex;
  -webkit-box-pack: center;
  -webkit-justify-content: center;
  -ms-flex-pack: center;
  justify-content: center;
  -webkit-align-items: center;
  -webkit-box-align: center;
  -ms-flex-align: center;
  align-items: center;
  box-sizing: border-box;
  width: 506px;
  height: 254px;
  max-width: 100%;
  margin: 0;
  padding: 1em;
  text-align: center;
  font-size: 1rem;
  border-top-left-radius: 12px;
  border-top-right-radius: 12px;
  border-style: dashed;
  border-width: 2px;
  color: #073cba;
  background-color: #f1f1f1;
}

<div
    className="c0"
  >
    Select image
  </div>,
  .c0 {
  font-family: "Helvetica Neue",Helvetica,Arial,sans-serif;
  font-weight: 700;
  font-size: 14px;
  max-height: 18px;
  line-height: 18px;
  white-space: nowrap;
  overflow: hidden;
  text-overflow: ellipsis;
  margin-bottom: 2px;
}

<p
    className="c0"
  >
    YoastCon Workshops â€¢ Yoast
  </p>,
  .c0 {
  font-family: "Helvetica Neue",Helvetica,Arial,sans-serif;
  font-size: 14px;
  font-weight: 400;
  max-height: 55px;
  line-height: 18px;
  overflow: hidden;
  margin-bottom: 5px;
  width: 357px;
}

<p
    className="c0"
  >
    
  </p>,
  .c0 {
  font-family: "Helvetica Neue",Helvetica,Arial,sans-serif;
  font-size: 14px;
  line-height: 18px;
  font-weight: 400;
  text-transform: lowercase;
  color: #8899a6;
  max-height: 18px;
  white-space: nowrap;
  overflow: hidden;
  text-overflow: ellipsis;
  margin-top: 5px;
}

<p
    className="c0"
  >
    yoast.com
  </p>,
]
`;
