// Jest Snapshot v1, https://goo.gl/fbAQLP

exports[`TwitterSiteName matches the snapshot by default 1`] = `
.c0 {
  font-family: "Helvetica Neue",Helvetica,Arial,sans-serif;
  font-size: 14px;
  line-height: 18px;
  font-weight: 400;
  text-transform: lowercase;
  color: #8899a6;
  max-height: 18px;
  white-space: nowrap;
  overflow: hidden;
  text-overflow: ellipsis;
  margin-top: 5px;
}

<p
  className="c0"
>
  sitename.com
</p>
`;
