// Jest Snapshot v1, https://goo.gl/fbAQLP

exports[`TwitterTitle matches the snapshot by default 1`] = `
.c0 {
  font-family: "Helvetica Neue",Helvetica,Arial,sans-serif;
  font-weight: 700;
  font-size: 14px;
  max-height: 18px;
  line-height: 18px;
  white-space: nowrap;
  overflow: hidden;
  text-overflow: ellipsis;
  margin-bottom: 2px;
}

<p
  className="c0"
>
  My Twitter Title
</p>
`;
