// Jest Snapshot v1, https://goo.gl/fbAQLP

exports[`KeywordInput matches the snapshot by default 1`] = `
.c7 {
  border: 1px solid transparent;
  box-shadow: none;
  background: none;
  -webkit-flex: 0 0 32px;
  -ms-flex: 0 0 32px;
  flex: 0 0 32px;
  height: 32px;
  max-width: 32px;
  padding: 0;
  cursor: pointer;
}

.c7::-moz-focus-inner {
  border-width: 0;
}

.c7:focus {
  outline: none;
  border-color: #0066cd;
  color: #000;
  background-color: #fff;
  box-shadow: 0 0 3px rgba( 8,74,103,0.8 );
}

.c0 {
  display: -webkit-box;
  display: -webkit-flex;
  display: -ms-flexbox;
  display: flex;
  -webkit-flex-direction: column;
  -ms-flex-direction: column;
  flex-direction: column;
}

.c2 {
  font-size: 1em;
  font-weight: bold;
  margin-right: 4px;
}

.c1 {
  margin-bottom: 0.5em;
}

.c5 {
  -webkit-flex: 1 !important;
  -ms-flex: 1 !important;
  flex: 1 !important;
  box-sizing: border-box;
  max-width: 100%;
  margin: 0;
}

.c5.c5.c5 {
  padding: 0 8px;
  min-height: 34px;
  font-size: 1em;
  box-shadow: inset 0 1px 2px rgba( 0,0,0,0.07 );
  border: 1px solid #ddd;
  border-radius: 0;
}

.c5.c5.c5:focus {
  border-color: #5b9dd9;
  box-shadow: 0 0 2px rgba( 30,140,190,0.8 );
}

.c5::-ms-clear {
  display: none;
}

.c5.has-error {
  border-color: #dc3232 !important;
  box-shadow: 0 0 2px #dc3232 !important;
}

.c8 {
  margin-top: 4px;
}

.c3 {
  display: -webkit-box;
  display: -webkit-flex;
  display: -ms-flexbox;
  display: flex;
  -webkit-flex-direction: row;
  -ms-flex-direction: row;
  flex-direction: row;
  -webkit-align-items: center;
  -webkit-box-align: center;
  -ms-flex-align: center;
  align-items: center;
}

.c3.has-remove-keyword-button .c4 {
  padding-right: 40px;
}

.c3.has-remove-keyword-button .c6 {
  margin-left: -32px;
}

<div
  className="c0"
>
  <span
    className="c1"
  >
    <label
      className="c2"
      htmlFor="test-id"
    >
      test label
    </label>
  </span>
  <div
    className="has-remove-keyword-button c3"
  >
    <input
      aria-label={null}
      autoComplete="off"
      className="c4 c5"
      id="test-id"
      onBlur={[Function]}
      onChange={[Function]}
      onFocus={[Function]}
      type="text"
      value=""
    />
    <button
      className="c6 c7"
      onClick={[Function]}
      type="button"
    >
      <svg
        aria-hidden={true}
        className="yoast-svg-icon yoast-svg-icon-times-circle c8 createSvgIconComponent__StyledSvg-sc-1h4gl3a-0 dqTDIA"
        fill="#767676"
        focusable="false"
        role="img"
        size="18px"
        viewBox="0 0 20 20"
        xmlns="http://www.w3.org/2000/svg"
      >
        <path
          d="M10 2c4.42 0 8 3.58 8 8s-3.58 8-8 8-8-3.58-8-8 3.58-8 8-8zm5 11l-3-3 3-3-2-2-3 3-3-3-2 2 3 3-3 3 2 2 3-3 3 3z"
        />
      </svg>
    </button>
  </div>
</div>
`;
