// Jest Snapshot v1, https://goo.gl/fbAQLP

exports[`the Row component matches the snapshot 1`] = `
<li
  className="Row-sc-3d2cvr-0 dXRXqC"
/>
`;

exports[`the RowResponsiveWrap component matches the snapshot 1`] = `
<li
  className="Row-sc-3d2cvr-0 Row__RowResponsiveWrap-sc-3d2cvr-1 djPJAO"
/>
`;
